127.0.0.1 - - [07/Aug/2022:07:08:04 +0530] "GET / HTTP/1.1" 404 751
0:0:0:0:0:0:0:1 - - [07/Aug/2022:07:08:05 +0530] "GET /FlyAirline/ HTTP/1.1" 200 577
0:0:0:0:0:0:0:1 - - [07/Aug/2022:07:08:10 +0530] "GET /FlyAirline/searchPlace.html HTTP/1.1" 304 -
0:0:0:0:0:0:0:1 - - [07/Aug/2022:07:08:19 +0530] "POST /FlyAirline/SearchPlace_Servlet HTTP/1.1" 500 1976
127.0.0.1 - - [07/Aug/2022:07:11:54 +0530] "GET / HTTP/1.1" 404 751
0:0:0:0:0:0:0:1 - - [07/Aug/2022:07:12:07 +0530] "POST /FlyAirline/SearchPlace_Servlet HTTP/1.1" 500 1976
127.0.0.1 - - [07/Aug/2022:07:20:53 +0530] "GET / HTTP/1.1" 404 751
0:0:0:0:0:0:0:1 - - [07/Aug/2022:07:21:06 +0530] "POST /FlyAirline/SearchPlace_Servlet HTTP/1.1" 500 1976
127.0.0.1 - - [07/Aug/2022:07:23:40 +0530] "GET / HTTP/1.1" 404 751
0:0:0:0:0:0:0:1 - - [07/Aug/2022:07:24:48 +0530] "POST /FlyAirline/SearchPlace_Servlet HTTP/1.1" 200 -
127.0.0.1 - - [07/Aug/2022:07:30:29 +0530] "GET / HTTP/1.1" 404 751
0:0:0:0:0:0:0:1 - - [07/Aug/2022:07:30:43 +0530] "POST /FlyAirline/SearchPlace_Servlet HTTP/1.1" 200 -
127.0.0.1 - - [07/Aug/2022:07:33:51 +0530] "GET / HTTP/1.1" 404 751
0:0:0:0:0:0:0:1 - - [07/Aug/2022:07:34:03 +0530] "POST /FlyAirline/SearchPlace_Servlet HTTP/1.1" 200 -
127.0.0.1 - - [07/Aug/2022:07:34:54 +0530] "GET / HTTP/1.1" 404 751
0:0:0:0:0:0:0:1 - - [07/Aug/2022:07:35:07 +0530] "POST /FlyAirline/SearchPlace_Servlet HTTP/1.1" 200 -
127.0.0.1 - - [07/Aug/2022:07:41:57 +0530] "GET / HTTP/1.1" 404 751
0:0:0:0:0:0:0:1 - - [07/Aug/2022:07:42:11 +0530] "POST /FlyAirline/SearchPlace_Servlet HTTP/1.1" 500 1976
127.0.0.1 - - [07/Aug/2022:08:49:04 +0530] "GET / HTTP/1.1" 404 751
0:0:0:0:0:0:0:1 - - [07/Aug/2022:08:49:14 +0530] "GET /FlyAirline/addPlace.html HTTP/1.1" 200 450
0:0:0:0:0:0:0:1 - - [07/Aug/2022:08:50:19 +0530] "POST /FlyAirline/AddPlaceServlet HTTP/1.1" 404 781
127.0.0.1 - - [07/Aug/2022:08:51:48 +0530] "GET / HTTP/1.1" 404 751
0:0:0:0:0:0:0:1 - - [07/Aug/2022:08:52:21 +0530] "POST /FlyAirline/AddPlaceServlet HTTP/1.1" 404 781
127.0.0.1 - - [07/Aug/2022:12:06:53 +0530] "GET / HTTP/1.1" 404 751
0:0:0:0:0:0:0:1 - - [07/Aug/2022:12:06:54 +0530] "GET /FlyAirline/ HTTP/1.1" 200 577
0:0:0:0:0:0:0:1 - - [07/Aug/2022:12:06:57 +0530] "GET /FlyAirline/place.html HTTP/1.1" 304 -
0:0:0:0:0:0:0:1 - - [07/Aug/2022:12:07:25 +0530] "POST /FlyAirline/AddPlaceServlet HTTP/1.1" 404 781
0:0:0:0:0:0:0:1 - - [07/Aug/2022:13:36:56 +0530] "POST /FlyAirline/AddPlaceServlet HTTP/1.1" 404 781
127.0.0.1 - - [07/Aug/2022:13:38:05 +0530] "GET / HTTP/1.1" 404 751
127.0.0.1 - - [07/Aug/2022:13:39:30 +0530] "GET / HTTP/1.1" 404 751
0:0:0:0:0:0:0:1 - - [07/Aug/2022:13:39:56 +0530] "POST /FlyAirline/AddPlaceServlet HTTP/1.1" 404 781
127.0.0.1 - - [07/Aug/2022:13:41:40 +0530] "GET / HTTP/1.1" 404 751
0:0:0:0:0:0:0:1 - - [07/Aug/2022:13:42:06 +0530] "POST /FlyAirline/AddPlaceServlet HTTP/1.1" 404 781
127.0.0.1 - - [07/Aug/2022:13:46:50 +0530] "GET / HTTP/1.1" 404 751
0:0:0:0:0:0:0:1 - - [07/Aug/2022:13:46:51 +0530] "GET /FlyAirline/ HTTP/1.1" 200 577
0:0:0:0:0:0:0:1 - - [07/Aug/2022:13:47:07 +0530] "GET /FlyAirline/place.html HTTP/1.1" 304 -
0:0:0:0:0:0:0:1 - - [07/Aug/2022:13:47:23 +0530] "POST /FlyAirline/AddPlaceServlet HTTP/1.1" 404 781
127.0.0.1 - - [07/Aug/2022:13:51:49 +0530] "GET / HTTP/1.1" 404 751
0:0:0:0:0:0:0:1 - - [07/Aug/2022:13:51:49 +0530] "GET /FlyAirline/add_Place.html HTTP/1.1" 200 471
0:0:0:0:0:0:0:1 - - [07/Aug/2022:13:52:14 +0530] "POST /FlyAirline/com/servlet/controller/AddPlaceServlet HTTP/1.1" 404 816
0:0:0:0:0:0:0:1 - - [07/Aug/2022:13:57:25 +0530] "POST /FlyAirline/AddPlaceServlet HTTP/1.1" 404 781
127.0.0.1 - - [07/Aug/2022:19:46:31 +0530] "GET / HTTP/1.1" 404 751
0:0:0:0:0:0:0:1 - - [07/Aug/2022:19:46:31 +0530] "GET /FlyAirline/ HTTP/1.1" 200 577
0:0:0:0:0:0:0:1 - - [07/Aug/2022:19:46:34 +0530] "GET /FlyAirline/place.html HTTP/1.1" 200 459
0:0:0:0:0:0:0:1 - - [07/Aug/2022:19:46:35 +0530] "GET /FlyAirline/addPlace.html HTTP/1.1" 200 473
0:0:0:0:0:0:0:1 - - [07/Aug/2022:19:46:56 +0530] "POST /FlyAirline/com/servlet/controller/AddPlaceServlet HTTP/1.1" 404 816
127.0.0.1 - - [07/Aug/2022:20:03:06 +0530] "GET / HTTP/1.1" 404 751
0:0:0:0:0:0:0:1 - - [07/Aug/2022:20:03:27 +0530] "POST /FlyAirline/com/servlet/controller/AddPlaceServlet HTTP/1.1" 404 816
127.0.0.1 - - [07/Aug/2022:20:20:06 +0530] "GET / HTTP/1.1" 404 751
0:0:0:0:0:0:0:1 - - [07/Aug/2022:20:20:20 +0530] "POST /FlyAirline/com/servlet/controller/AddPlaceServlet HTTP/1.1" 404 816
127.0.0.1 - - [07/Aug/2022:20:21:03 +0530] "GET / HTTP/1.1" 404 751
0:0:0:0:0:0:0:1 - - [07/Aug/2022:20:21:20 +0530] "POST /FlyAirline/com/servlet/controller/AddPlaceServlet HTTP/1.1" 404 816
127.0.0.1 - - [07/Aug/2022:20:21:37 +0530] "GET / HTTP/1.1" 404 751
127.0.0.1 - - [07/Aug/2022:21:34:41 +0530] "GET / HTTP/1.1" 404 751
0:0:0:0:0:0:0:1 - - [07/Aug/2022:21:34:41 +0530] "GET /FlyAirline/home.html HTTP/1.1" 200 577
0:0:0:0:0:0:0:1 - - [07/Aug/2022:21:34:44 +0530] "GET /FlyAirline/place.html HTTP/1.1" 404 776
0:0:0:0:0:0:0:1 - - [07/Aug/2022:21:35:21 +0530] "GET /FlyAirline/home.html HTTP/1.1" 304 -
0:0:0:0:0:0:0:1 - - [07/Aug/2022:21:35:23 +0530] "GET /FlyAirline/place.html HTTP/1.1" 200 459
0:0:0:0:0:0:0:1 - - [07/Aug/2022:21:35:24 +0530] "GET /FlyAirline/addPlace.html HTTP/1.1" 404 779
127.0.0.1 - - [07/Aug/2022:21:38:03 +0530] "GET / HTTP/1.1" 404 751
0:0:0:0:0:0:0:1 - - [07/Aug/2022:21:38:07 +0530] "GET /FlyAirline/addPlace.html HTTP/1.1" 200 451
0:0:0:0:0:0:0:1 - - [07/Aug/2022:21:38:21 +0530] "POST /FlyAirline/Add_PlaceServlet HTTP/1.1" 500 3432
0:0:0:0:0:0:0:1 - - [07/Aug/2022:21:39:58 +0530] "POST /FlyAirline/Add_PlaceServlet HTTP/1.1" 404 682
127.0.0.1 - - [07/Aug/2022:21:40:45 +0530] "GET / HTTP/1.1" 404 751
0:0:0:0:0:0:0:1 - - [07/Aug/2022:21:41:06 +0530] "POST /FlyAirline/Add_PlaceServlet HTTP/1.1" 200 22
127.0.0.1 - - [07/Aug/2022:21:53:59 +0530] "GET / HTTP/1.1" 404 751
0:0:0:0:0:0:0:1 - - [07/Aug/2022:21:54:04 +0530] "GET /FlyAirline/addPlace.html HTTP/1.1" 200 450
0:0:0:0:0:0:0:1 - - [07/Aug/2022:21:54:16 +0530] "POST /FlyAirline/AddPlaceServlet HTTP/1.1" 200 22
127.0.0.1 - - [07/Aug/2022:22:42:32 +0530] "GET / HTTP/1.1" 404 751
0:0:0:0:0:0:0:1 - - [07/Aug/2022:22:42:36 +0530] "GET /FlyAirline/addPlace.html HTTP/1.1" 304 -
0:0:0:0:0:0:0:1 - - [07/Aug/2022:22:42:52 +0530] "POST /FlyAirline/AddPlaceServlet HTTP/1.1" 500 2617
127.0.0.1 - - [07/Aug/2022:22:44:31 +0530] "GET / HTTP/1.1" 404 751
0:0:0:0:0:0:0:1 - - [07/Aug/2022:22:44:33 +0530] "GET /UserManagementSystem/ HTTP/1.1" 200 322
0:0:0:0:0:0:0:1 - - [07/Aug/2022:22:44:35 +0530] "GET /UserManagementSystem/adduser.jsp HTTP/1.1" 200 462
0:0:0:0:0:0:0:1 - - [07/Aug/2022:22:45:28 +0530] "POST /UserManagementSystem/AddUserServlet HTTP/1.1" 200 355
127.0.0.1 - - [07/Aug/2022:23:06:26 +0530] "GET / HTTP/1.1" 404 751
0:0:0:0:0:0:0:1 - - [07/Aug/2022:23:06:30 +0530] "GET /FlyAirline/addPlace.html HTTP/1.1" 304 -
0:0:0:0:0:0:0:1 - - [07/Aug/2022:23:06:45 +0530] "POST /FlyAirline/AddPlaceServlet HTTP/1.1" 500 2617
127.0.0.1 - - [07/Aug/2022:23:08:06 +0530] "GET / HTTP/1.1" 404 751
0:0:0:0:0:0:0:1 - - [07/Aug/2022:23:08:10 +0530] "GET /FlyAirline/addPlace.html HTTP/1.1" 304 -
0:0:0:0:0:0:0:1 - - [07/Aug/2022:23:08:23 +0530] "POST /FlyAirline/AddPlaceServlet HTTP/1.1" 500 2133
127.0.0.1 - - [07/Aug/2022:23:09:35 +0530] "GET / HTTP/1.1" 404 751
0:0:0:0:0:0:0:1 - - [07/Aug/2022:23:10:01 +0530] "POST /FlyAirline/AddPlaceServlet HTTP/1.1" 500 2759
127.0.0.1 - - [07/Aug/2022:23:11:49 +0530] "GET / HTTP/1.1" 404 751
0:0:0:0:0:0:0:1 - - [07/Aug/2022:23:12:09 +0530] "POST /FlyAirline/AddPlaceServlet HTTP/1.1" 500 2759
127.0.0.1 - - [07/Aug/2022:23:18:58 +0530] "GET / HTTP/1.1" 404 751
0:0:0:0:0:0:0:1 - - [07/Aug/2022:23:19:02 +0530] "GET /FlyAirline/addPlace.html HTTP/1.1" 304 -
0:0:0:0:0:0:0:1 - - [07/Aug/2022:23:19:22 +0530] "POST /FlyAirline/AddPlaceServlet HTTP/1.1" 500 1644
127.0.0.1 - - [07/Aug/2022:23:26:54 +0530] "GET / HTTP/1.1" 404 751
0:0:0:0:0:0:0:1 - - [07/Aug/2022:23:26:57 +0530] "GET /FlyAirline/addPlace.html HTTP/1.1" 304 -
0:0:0:0:0:0:0:1 - - [07/Aug/2022:23:27:14 +0530] "POST /FlyAirline/AddPlaceServlet HTTP/1.1" 500 1644
127.0.0.1 - - [07/Aug/2022:23:32:01 +0530] "GET / HTTP/1.1" 404 751
0:0:0:0:0:0:0:1 - - [07/Aug/2022:23:32:20 +0530] "POST /FlyAirline/AddPlaceServlet HTTP/1.1" 500 1644
127.0.0.1 - - [07/Aug/2022:23:36:12 +0530] "GET / HTTP/1.1" 404 751
0:0:0:0:0:0:0:1 - - [07/Aug/2022:23:36:36 +0530] "POST /FlyAirline/AddPlaceServlet HTTP/1.1" 500 1644
127.0.0.1 - - [07/Aug/2022:23:42:59 +0530] "GET / HTTP/1.1" 404 751
0:0:0:0:0:0:0:1 - - [07/Aug/2022:23:43:03 +0530] "GET /FlyAirline/addPlace.html HTTP/1.1" 304 -
0:0:0:0:0:0:0:1 - - [07/Aug/2022:23:43:20 +0530] "POST /FlyAirline/AddPlaceServlet HTTP/1.1" 500 1644
127.0.0.1 - - [07/Aug/2022:23:52:09 +0530] "GET / HTTP/1.1" 404 751
0:0:0:0:0:0:0:1 - - [07/Aug/2022:23:52:14 +0530] "GET /FlyAirline/addPlace.html HTTP/1.1" 304 -
0:0:0:0:0:0:0:1 - - [07/Aug/2022:23:52:36 +0530] "POST /FlyAirline/AddPlaceServlet HTTP/1.1" 500 1644
127.0.0.1 - - [07/Aug/2022:23:56:35 +0530] "GET / HTTP/1.1" 404 751
0:0:0:0:0:0:0:1 - - [07/Aug/2022:23:57:00 +0530] "POST /FlyAirline/AddPlaceServlet HTTP/1.1" 200 577
127.0.0.1 - - [07/Aug/2022:23:59:56 +0530] "GET / HTTP/1.1" 404 751
